Classic Timing Analyzer report for exam2
Wed Aug 23 22:23:40 2023
Quartus II Version 8.1 Build 163 10/28/2008 SJ Web Edition


---------------------
; Table of Contents ;
---------------------
  1. Legal Notice
  2. Timing Analyzer Summary
  3. Timing Analyzer Settings
  4. Clock Settings Summary
  5. Clock Setup: 'clk'
  6. tsu
  7. tco
  8. tpd
  9. th
 10. Timing Analyzer Messages



----------------
; Legal Notice ;
----------------
Copyright (C) 1991-2008 Altera Corporation
Your use of Altera Corporation's design tools, logic functions 
and other software and tools, and its AMPP partner logic 
functions, and any output files from any of the foregoing 
(including device programming or simulation files), and any 
associated documentation or information are expressly subject 
to the terms and conditions of the Altera Program License 
Subscription Agreement, Altera MegaCore Function License 
Agreement, or other applicable license agreement, including, 
without limitation, that your use is for the sole purpose of 
programming logic devices manufactured by Altera and sold by 
Altera or its authorized distributors.  Please refer to the 
applicable agreement for further details.



+-----------------------------------------------------------------------------------------------------------------------------------------------------------+
; Timing Analyzer Summary                                                                                                                                   ;
+------------------------------+-------+---------------+------------------------------------------------+------+-----+------------+----------+--------------+
; Type                         ; Slack ; Required Time ; Actual Time                                    ; From ; To  ; From Clock ; To Clock ; Failed Paths ;
+------------------------------+-------+---------------+------------------------------------------------+------+-----+------------+----------+--------------+
; Worst-case tsu               ; N/A   ; None          ; 4.800 ns                                       ; w3   ; y.B ; --         ; clk      ; 0            ;
; Worst-case tco               ; N/A   ; None          ; 9.900 ns                                       ; y.D  ; z   ; clk        ; --       ; 0            ;
; Worst-case tpd               ; N/A   ; None          ; 10.500 ns                                      ; w2   ; k   ; --         ; --       ; 0            ;
; Worst-case th                ; N/A   ; None          ; 0.900 ns                                       ; w1   ; y.A ; --         ; clk      ; 0            ;
; Clock Setup: 'clk'           ; N/A   ; None          ; Restricted to 125.00 MHz ( period = 8.000 ns ) ; y.A  ; y.D ; clk        ; clk      ; 0            ;
; Total number of failed paths ;       ;               ;                                                ;      ;     ;            ;          ; 0            ;
+------------------------------+-------+---------------+------------------------------------------------+------+-----+------------+----------+--------------+


+--------------------------------------------------------------------------------------------------------------------+
; Timing Analyzer Settings                                                                                           ;
+---------------------------------------------------------------------+--------------------+------+----+-------------+
; Option                                                              ; Setting            ; From ; To ; Entity Name ;
+---------------------------------------------------------------------+--------------------+------+----+-------------+
; Device Name                                                         ; EPF10K10TC144-3    ;      ;    ;             ;
; Timing Models                                                       ; Final              ;      ;    ;             ;
; Default hold multicycle                                             ; Same as Multicycle ;      ;    ;             ;
; Cut paths between unrelated clock domains                           ; On                 ;      ;    ;             ;
; Cut off read during write signal paths                              ; On                 ;      ;    ;             ;
; Cut off feedback from I/O pins                                      ; On                 ;      ;    ;             ;
; Report Combined Fast/Slow Timing                                    ; Off                ;      ;    ;             ;
; Ignore Clock Settings                                               ; Off                ;      ;    ;             ;
; Analyze latches as synchronous elements                             ; On                 ;      ;    ;             ;
; Enable Recovery/Removal analysis                                    ; Off                ;      ;    ;             ;
; Enable Clock Latency                                                ; Off                ;      ;    ;             ;
; Use TimeQuest Timing Analyzer                                       ; Off                ;      ;    ;             ;
; Minimum Core Junction Temperature                                   ; 0                  ;      ;    ;             ;
; Maximum Core Junction Temperature                                   ; 85                 ;      ;    ;             ;
; Number of source nodes to report per destination node               ; 10                 ;      ;    ;             ;
; Number of destination nodes to report                               ; 10                 ;      ;    ;             ;
; Number of paths to report                                           ; 200                ;      ;    ;             ;
; Report Minimum Timing Checks                                        ; Off                ;      ;    ;             ;
; Use Fast Timing Models                                              ; Off                ;      ;    ;             ;
; Report IO Paths Separately                                          ; Off                ;      ;    ;             ;
; Perform Multicorner Analysis                                        ; Off                ;      ;    ;             ;
; Reports the worst-case path for each clock domain and analysis      ; Off                ;      ;    ;             ;
; Removes common clock path pessimism (CCPP) during slack computation ; Off                ;      ;    ;             ;
; Output I/O Timing Endpoint                                          ; Near End           ;      ;    ;             ;
+---------------------------------------------------------------------+--------------------+------+----+-------------+


+------------------------------------------------------------------------------------------------------------------------------------------------------------------------------------+
; Clock Settings Summary                                                                                                                                                             ;
+-----------------+--------------------+----------+------------------+---------------+--------------+----------+-----------------------+---------------------+--------+--------------+
; Clock Node Name ; Clock Setting Name ; Type     ; Fmax Requirement ; Early Latency ; Late Latency ; Based on ; Multiply Base Fmax by ; Divide Base Fmax by ; Offset ; Phase offset ;
+-----------------+--------------------+----------+------------------+---------------+--------------+----------+-----------------------+---------------------+--------+--------------+
; clk             ;                    ; User Pin ; None             ; 0.000 ns      ; 0.000 ns     ; --       ; N/A                   ; N/A                 ; N/A    ;              ;
+-----------------+--------------------+----------+------------------+---------------+--------------+----------+-----------------------+---------------------+--------+--------------+


+---------------------------------------------------------------------------------------------------------------------------------------------------------------------------------+
; Clock Setup: 'clk'                                                                                                                                                              ;
+-------+------------------------------------------------+------+-----+------------+----------+-----------------------------+---------------------------+-------------------------+
; Slack ; Actual fmax (period)                           ; From ; To  ; From Clock ; To Clock ; Required Setup Relationship ; Required Longest P2P Time ; Actual Longest P2P Time ;
+-------+------------------------------------------------+------+-----+------------+----------+-----------------------------+---------------------------+-------------------------+
; N/A   ; Restricted to 125.00 MHz ( period = 8.000 ns ) ; y.A  ; y.D ; clk        ; clk      ; None                        ; None                      ; 2.000 ns                ;
; N/A   ; Restricted to 125.00 MHz ( period = 8.000 ns ) ; y.B  ; y.D ; clk        ; clk      ; None                        ; None                      ; 1.500 ns                ;
; N/A   ; Restricted to 125.00 MHz ( period = 8.000 ns ) ; y.A  ; y.B ; clk        ; clk      ; None                        ; None                      ; 1.500 ns                ;
+-------+------------------------------------------------+------+-----+------------+----------+-----------------------------+---------------------------+-------------------------+


+------------------------------------------------------------+
; tsu                                                        ;
+-------+--------------+------------+-------+-----+----------+
; Slack ; Required tsu ; Actual tsu ; From  ; To  ; To Clock ;
+-------+--------------+------------+-------+-----+----------+
; N/A   ; None         ; 4.800 ns   ; w2    ; y.D ; clk      ;
; N/A   ; None         ; 4.800 ns   ; w2    ; y.B ; clk      ;
; N/A   ; None         ; 4.800 ns   ; w3    ; y.D ; clk      ;
; N/A   ; None         ; 4.800 ns   ; w3    ; y.B ; clk      ;
; N/A   ; None         ; 4.300 ns   ; w1    ; y.D ; clk      ;
; N/A   ; None         ; 4.300 ns   ; w1    ; y.B ; clk      ;
; N/A   ; None         ; 2.300 ns   ; w2    ; y.A ; clk      ;
; N/A   ; None         ; 2.300 ns   ; w3    ; y.A ; clk      ;
; N/A   ; None         ; 2.300 ns   ; reset ; y.D ; clk      ;
; N/A   ; None         ; 2.300 ns   ; reset ; y.B ; clk      ;
; N/A   ; None         ; 2.300 ns   ; reset ; y.A ; clk      ;
; N/A   ; None         ; 1.800 ns   ; w1    ; y.A ; clk      ;
+-------+--------------+------------+-------+-----+----------+


+------------------------------------------------------------+
; tco                                                        ;
+-------+--------------+------------+------+----+------------+
; Slack ; Required tco ; Actual tco ; From ; To ; From Clock ;
+-------+--------------+------------+------+----+------------+
; N/A   ; None         ; 9.900 ns   ; y.D  ; z  ; clk        ;
+-------+--------------+------------+------+----+------------+


+---------------------------------------------------------+
; tpd                                                     ;
+-------+-------------------+-----------------+------+----+
; Slack ; Required P2P Time ; Actual P2P Time ; From ; To ;
+-------+-------------------+-----------------+------+----+
; N/A   ; None              ; 10.500 ns       ; w3   ; k  ;
; N/A   ; None              ; 10.500 ns       ; w2   ; k  ;
; N/A   ; None              ; 10.000 ns       ; w1   ; k  ;
+-------+-------------------+-----------------+------+----+


+------------------------------------------------------------------+
; th                                                               ;
+---------------+-------------+-----------+-------+-----+----------+
; Minimum Slack ; Required th ; Actual th ; From  ; To  ; To Clock ;
+---------------+-------------+-----------+-------+-----+----------+
; N/A           ; None        ; 0.900 ns  ; w1    ; y.A ; clk      ;
; N/A           ; None        ; 0.400 ns  ; w2    ; y.A ; clk      ;
; N/A           ; None        ; 0.400 ns  ; w3    ; y.A ; clk      ;
; N/A           ; None        ; 0.400 ns  ; reset ; y.D ; clk      ;
; N/A           ; None        ; 0.400 ns  ; reset ; y.B ; clk      ;
; N/A           ; None        ; 0.400 ns  ; reset ; y.A ; clk      ;
; N/A           ; None        ; -1.600 ns ; w1    ; y.D ; clk      ;
; N/A           ; None        ; -1.600 ns ; w1    ; y.B ; clk      ;
; N/A           ; None        ; -2.100 ns ; w2    ; y.D ; clk      ;
; N/A           ; None        ; -2.100 ns ; w2    ; y.B ; clk      ;
; N/A           ; None        ; -2.100 ns ; w3    ; y.D ; clk      ;
; N/A           ; None        ; -2.100 ns ; w3    ; y.B ; clk      ;
+---------------+-------------+-----------+-------+-----+----------+


+--------------------------+
; Timing Analyzer Messages ;
+--------------------------+
Info: *******************************************************************
Info: Running Quartus II Classic Timing Analyzer
    Info: Version 8.1 Build 163 10/28/2008 SJ Web Edition
    Info: Processing started: Wed Aug 23 22:23:40 2023
Info: Command: quartus_tan --read_settings_files=off --write_settings_files=off exam2 -c exam2
Info: Started post-fitting delay annotation
Info: Delay annotation completed successfully
Warning: Found pins functioning as undefined clocks and/or memory enables
    Info: Assuming node "clk" is an undefined clock
Info: Clock "clk" Internal fmax is restricted to 125.0 MHz between source register "y.A" and destination register "y.D"
    Info: fmax restricted to Clock High delay (4.0 ns) plus Clock Low delay (4.0 ns) : restricted to 8.0 ns. Expand message to see actual delay path.
        Info: + Longest register to register delay is 2.000 ns
            Info: 1: + IC(0.000 ns) + CELL(0.000 ns) = 0.000 ns; Loc. = LC2_B8; Fanout = 2; REG Node = 'y.A'
            Info: 2: + IC(0.600 ns) + CELL(1.400 ns) = 2.000 ns; Loc. = LC1_B8; Fanout = 1; REG Node = 'y.D'
            Info: Total cell delay = 1.400 ns ( 70.00 % )
            Info: Total interconnect delay = 0.600 ns ( 30.00 % )
        Info: - Smallest clock skew is 0.000 ns
            Info: + Shortest clock path from clock "clk" to destination register is 3.900 ns
                Info: 1: + IC(0.000 ns) + CELL(1.900 ns) = 1.900 ns; Loc. = PIN_55; Fanout = 3; CLK Node = 'clk'
                Info: 2: + IC(2.000 ns) + CELL(0.000 ns) = 3.900 ns; Loc. = LC1_B8; Fanout = 1; REG Node = 'y.D'
                Info: Total cell delay = 1.900 ns ( 48.72 % )
                Info: Total interconnect delay = 2.000 ns ( 51.28 % )
            Info: - Longest clock path from clock "clk" to source register is 3.900 ns
                Info: 1: + IC(0.000 ns) + CELL(1.900 ns) = 1.900 ns; Loc. = PIN_55; Fanout = 3; CLK Node = 'clk'
                Info: 2: + IC(2.000 ns) + CELL(0.000 ns) = 3.900 ns; Loc. = LC2_B8; Fanout = 2; REG Node = 'y.A'
                Info: Total cell delay = 1.900 ns ( 48.72 % )
                Info: Total interconnect delay = 2.000 ns ( 51.28 % )
        Info: + Micro clock to output delay of source is 0.900 ns
        Info: + Micro setup delay of destination is 1.300 ns
Info: tsu for register "y.D" (data pin = "w2", clock pin = "clk") is 4.800 ns
    Info: + Longest pin to register delay is 7.400 ns
        Info: 1: + IC(0.000 ns) + CELL(1.900 ns) = 1.900 ns; Loc. = PIN_54; Fanout = 2; PIN Node = 'w2'
        Info: 2: + IC(1.600 ns) + CELL(1.900 ns) = 5.400 ns; Loc. = LC6_B8; Fanout = 3; COMB Node = 'k~16'
        Info: 3: + IC(0.600 ns) + CELL(1.400 ns) = 7.400 ns; Loc. = LC1_B8; Fanout = 1; REG Node = 'y.D'
        Info: Total cell delay = 5.200 ns ( 70.27 % )
        Info: Total interconnect delay = 2.200 ns ( 29.73 % )
    Info: + Micro setup delay of destination is 1.300 ns
    Info: - Shortest clock path from clock "clk" to destination register is 3.900 ns
        Info: 1: + IC(0.000 ns) + CELL(1.900 ns) = 1.900 ns; Loc. = PIN_55; Fanout = 3; CLK Node = 'clk'
        Info: 2: + IC(2.000 ns) + CELL(0.000 ns) = 3.900 ns; Loc. = LC1_B8; Fanout = 1; REG Node = 'y.D'
        Info: Total cell delay = 1.900 ns ( 48.72 % )
        Info: Total interconnect delay = 2.000 ns ( 51.28 % )
Info: tco from clock "clk" to destination pin "z" through register "y.D" is 9.900 ns
    Info: + Longest clock path from clock "clk" to source register is 3.900 ns
        Info: 1: + IC(0.000 ns) + CELL(1.900 ns) = 1.900 ns; Loc. = PIN_55; Fanout = 3; CLK Node = 'clk'
        Info: 2: + IC(2.000 ns) + CELL(0.000 ns) = 3.900 ns; Loc. = LC1_B8; Fanout = 1; REG Node = 'y.D'
        Info: Total cell delay = 1.900 ns ( 48.72 % )
        Info: Total interconnect delay = 2.000 ns ( 51.28 % )
    Info: + Micro clock to output delay of source is 0.900 ns
    Info: + Longest register to pin delay is 5.100 ns
        Info: 1: + IC(0.000 ns) + CELL(0.000 ns) = 0.000 ns; Loc. = LC1_B8; Fanout = 1; REG Node = 'y.D'
        Info: 2: + IC(1.200 ns) + CELL(3.900 ns) = 5.100 ns; Loc. = PIN_92; Fanout = 0; PIN Node = 'z'
        Info: Total cell delay = 3.900 ns ( 76.47 % )
        Info: Total interconnect delay = 1.200 ns ( 23.53 % )
Info: Longest tpd from source pin "w3" to destination pin "k" is 10.500 ns
    Info: 1: + IC(0.000 ns) + CELL(1.900 ns) = 1.900 ns; Loc. = PIN_124; Fanout = 2; PIN Node = 'w3'
    Info: 2: + IC(1.600 ns) + CELL(1.900 ns) = 5.400 ns; Loc. = LC6_B8; Fanout = 3; COMB Node = 'k~16'
    Info: 3: + IC(1.200 ns) + CELL(3.900 ns) = 10.500 ns; Loc. = PIN_87; Fanout = 0; PIN Node = 'k'
    Info: Total cell delay = 7.700 ns ( 73.33 % )
    Info: Total interconnect delay = 2.800 ns ( 26.67 % )
Info: th for register "y.A" (data pin = "w1", clock pin = "clk") is 0.900 ns
    Info: + Longest clock path from clock "clk" to destination register is 3.900 ns
        Info: 1: + IC(0.000 ns) + CELL(1.900 ns) = 1.900 ns; Loc. = PIN_55; Fanout = 3; CLK Node = 'clk'
        Info: 2: + IC(2.000 ns) + CELL(0.000 ns) = 3.900 ns; Loc. = LC2_B8; Fanout = 2; REG Node = 'y.A'
        Info: Total cell delay = 1.900 ns ( 48.72 % )
        Info: Total interconnect delay = 2.000 ns ( 51.28 % )
    Info: + Micro hold delay of destination is 1.400 ns
    Info: - Shortest pin to register delay is 4.400 ns
        Info: 1: + IC(0.000 ns) + CELL(1.900 ns) = 1.900 ns; Loc. = PIN_56; Fanout = 2; PIN Node = 'w1'
        Info: 2: + IC(1.600 ns) + CELL(0.900 ns) = 4.400 ns; Loc. = LC2_B8; Fanout = 2; REG Node = 'y.A'
        Info: Total cell delay = 2.800 ns ( 63.64 % )
        Info: Total interconnect delay = 1.600 ns ( 36.36 % )
Info: Quartus II Classic Timing Analyzer was successful. 0 errors, 1 warning
    Info: Peak virtual memory: 174 megabytes
    Info: Processing ended: Wed Aug 23 22:23:40 2023
    Info: Elapsed time: 00:00:00
    Info: Total CPU time (on all processors): 00:00:00


