--------------------------------------------------------------------------------------
Timing Analyzer Summary
--------------------------------------------------------------------------------------

Type           : Worst-case tsu
Slack          : N/A
Required Time  : None
Actual Time    : 6.700 ns
From           : A[0]
To             : lpm_counter:Q_rtl_0|alt_counter_f10ke:wysi_counter|q[7]
From Clock     : --
To Clock       : clk
Failed Paths   : 0

Type           : Worst-case tco
Slack          : N/A
Required Time  : None
Actual Time    : 9.900 ns
From           : lpm_counter:Q_rtl_0|alt_counter_f10ke:wysi_counter|q[0]
To             : Q[0]
From Clock     : clk
To Clock       : --
Failed Paths   : 0

Type           : Worst-case th
Slack          : N/A
Required Time  : None
Actual Time    : -2.800 ns
From           : A[0]
To             : lpm_counter:Q_rtl_0|alt_counter_f10ke:wysi_counter|q[7]
From Clock     : --
To Clock       : clk
Failed Paths   : 0

Type           : Clock Setup: 'clk'
Slack          : N/A
Required Time  : None
Actual Time    : Restricted to 125.00 MHz ( period = 8.000 ns )
From           : lpm_counter:Q_rtl_0|alt_counter_f10ke:wysi_counter|q[0]
To             : lpm_counter:Q_rtl_0|alt_counter_f10ke:wysi_counter|q[7]
From Clock     : clk
To Clock       : clk
Failed Paths   : 0

Type           : Total number of failed paths
Slack          : 
Required Time  : 
Actual Time    : 
From           : 
To             : 
From Clock     : 
To Clock       : 
Failed Paths   : 0

--------------------------------------------------------------------------------------

